<html>
<body>
<pre>
<h1>µVision Build Log</h1>
<h2>Tool Versions:</h2>
IDE-Version: µVision V5.23.0.0
Copyright (C) 2017 ARM Ltd and ARM Germany GmbH. All rights reserved.
License Information: Daniel Rosenkvist, kth, LIC=----
 
Tool Versions:
Toolchain:       MDK-Lite  Version: 5.23
Toolchain Path:  C:\Keil_v5\ARM\ARMCC\Bin
C Compiler:      Armcc.exe V5.06 update 4 (build 422)
Assembler:       Armasm.exe V5.06 update 4 (build 422)
Linker/Locator:  ArmLink.exe V5.06 update 4 (build 422)
Library Manager: ArmAr.exe V5.06 update 4 (build 422)
Hex Converter:   FromElf.exe V5.06 update 4 (build 422)
CPU DLL:         SARMCM3.DLL V5.23
Dialog DLL:      DARMCM1.DLL V1.17.0.0
Target DLL:      STLink\ST-LINKIII-KEIL_SWO.dll V2.0.18.0
Dialog DLL:      TARMCM1.DLL V1.12.0.0
 
<h2>Project:</h2>
C:\Users\danie_000\Desktop\Examensarbete\MiCSiC-master\Master\SiCMiC\MDK-ARM\SiCMiC.uvprojx
Project File Date:  05/06/2017

<h2>Output:</h2>
*** Using Compiler 'V5.06 update 4 (build 422)', folder: 'C:\Keil_v5\ARM\ARMCC\Bin'
Rebuild target 'SiCMiC'
compiling i2c.c...
compiling dac.c...
compiling gpio.c...
compiling stm32l0xx_hal_msp.c...
compiling adc.c...
compiling main.c...
../Src/main.c(426): warning:  #223-D: function "strcmp" declared implicitly
  	if(strcmp(aRxBuffer, "SHDNLinear") == 0)
../Src/main.c(431): warning:  #223-D: function "strcmp" declared implicitly
  		if(strcmp(aRxBuffer, "SHDNSwitch") == 0)
../Src/main.c(436): warning:  #223-D: function "strcmp" declared implicitly
  		if(strcmp(aRxBuffer, "SHDNPowerPiezo5V") == 0)
../Src/main.c(441): warning:  #223-D: function "strcmp" declared implicitly
  	if(strcmp(aRxBuffer, "SHDNBatteryPower") == 0)
../Src/main.c(446): warning:  #223-D: function "strcmp" declared implicitly
  			if(strcmp(aRxBuffer, "StartExperiment") == 0)
../Src/main.c: 5 warnings, 0 errors
compiling stm32l0xx_it.c...
compiling iwdg.c...
compiling stm32l0xx_hal_adc.c...
compiling stm32l0xx_hal_pwr_ex.c...
compiling stm32l0xx_hal_pwr.c...
compiling stm32l0xx_hal_flash_ex.c...
compiling stm32l0xx_hal_cortex.c...
compiling stm32l0xx_hal.c...
compiling stm32l0xx_hal_dac.c...
compiling stm32l0xx_hal_dac_ex.c...
compiling stm32l0xx_hal_rcc_ex.c...
compiling stm32l0xx_hal_tim.c...
compiling stm32l0xx_hal_dma.c...
compiling stm32l0xx_hal_tim_ex.c...
compiling stm32l0xx_hal_rcc.c...
compiling stm32l0xx_hal_flash_ramfunc.c...
compiling stm32l0xx_hal_flash.c...
compiling stm32l0xx_hal_i2c_ex.c...
compiling stm32l0xx_hal_iwdg.c...
compiling stm32l0xx_hal_adc_ex.c...
compiling stm32l0xx_hal_uart.c...
compiling stm32l0xx_hal_i2c.c...
compiling stm32l0xx_hal_gpio.c...
compiling stm32l0xx_hal_uart_ex.c...
compiling stm32l0xx_hal_usart.c...
compiling system_stm32l0xx.c...
assembling startup_stm32l053xx.s...
linking...
Program Size: Code=12596 RO-data=412 RW-data=20 ZI-data=1364  
"SiCMiC\SiCMiC.axf" - 0 Error(s), 5 Warning(s).

<h2>Software Packages used:</h2>

Package Vendor: ARM
                http://www.keil.com/pack/ARM.CMSIS.5.0.1.pack
                ARM::CMSIS:CORE:5.0.1
                CMSIS (Cortex Microcontroller Software Interface Standard)
   * Component: CORE Version: 5.0.1

<h2>Collection of Component include folders:</h2>
  .\RTE\_SiCMiC
  C:\Keil_v5\ARM\PACK\ARM\CMSIS\5.0.1\CMSIS\Include
  C:\Keil_v5\ARM\PACK\Keil\STM32L0xx_DFP\1.6.0\Device\Include

<h2>Collection of Component Files used:</h2>

   * Component: ARM::CMSIS:CORE:5.0.1
Build Time Elapsed:  00:00:11
</pre>
</body>
</html>
